Archive member included to satisfy reference by file (symbol)

lib/orangescrt.a(printf.o)    kernel/main.o (printf)
lib/orangescrt.a(vsprintf.o)  kernel/main.o (vsprintf)
lib/orangescrt.a(string.o)    kernel/start.o (memcpy)
lib/orangescrt.a(misc.o)      kernel/main.o (send_recv)
lib/orangescrt.a(open.o)      kernel/main.o (open)
lib/orangescrt.a(read.o)      kernel/main.o (read)
lib/orangescrt.a(write.o)     kernel/main.o (write)
lib/orangescrt.a(close.o)     kernel/main.o (close)
lib/orangescrt.a(lseek.o)     kernel/main.o (lseek)
lib/orangescrt.a(getpid.o)    kernel/main.o (getpid)
lib/orangescrt.a(stat.o)      mm/exec.o (stat)
lib/orangescrt.a(fork.o)      kernel/main.o (fork)
lib/orangescrt.a(wait.o)      kernel/main.o (wait)
lib/orangescrt.a(exec.o)      kernel/main.o (execv)
lib/orangescrt.a(syscall.o)   lib/orangescrt.a(misc.o) (sendrec)

分配公共符号
公共符号            大小              文件

idt_ptr             0x6               kernel/global.o
inode_table         0xb00             kernel/global.o
task_stack          0x24000           kernel/global.o
k_reenter           0x4               kernel/global.o
gdt                 0x400             kernel/global.o
current_console     0x4               kernel/global.o
pcaller             0x4               kernel/global.o
tty_table           0xc6c             kernel/global.o
tss                 0x68              kernel/global.o
fs_msg              0x30              kernel/global.o
memory_size         0x4               kernel/global.o
f_desc_table        0x400             kernel/global.o
root_inode          0x4               kernel/global.o
disp_pos            0x4               kernel/global.o
mm_msg              0x30              kernel/global.o
key_pressed         0x4               kernel/global.o
gdt_ptr             0x6               kernel/global.o
idt                 0x800             kernel/global.o
super_block         0x1e0             kernel/global.o
PARTITION_ENTRY     0x10              kernel/hd.o
ticks               0x4               kernel/global.o
console_table       0x3c              kernel/global.o
irq_table           0x40              kernel/global.o
p_proc_ready        0x4               kernel/global.o
proc_table          0x3af8            kernel/global.o

Discarded input sections

 .note.GNU-stack
                0x0000000000000000        0x0 kernel/start.o
 .note.GNU-stack
                0x0000000000000000        0x0 kernel/main.o
 .note.GNU-stack
                0x0000000000000000        0x0 kernel/clock.o
 .note.GNU-stack
                0x0000000000000000        0x0 kernel/keyboard.o
 .note.GNU-stack
                0x0000000000000000        0x0 kernel/tty.o
 .note.GNU-stack
                0x0000000000000000        0x0 kernel/console.o
 .note.GNU-stack
                0x0000000000000000        0x0 kernel/i8259.o
 .note.GNU-stack
                0x0000000000000000        0x0 kernel/global.o
 .note.GNU-stack
                0x0000000000000000        0x0 kernel/protect.o
 .note.GNU-stack
                0x0000000000000000        0x0 kernel/proc.o
 .note.GNU-stack
                0x0000000000000000        0x0 kernel/systask.o
 .note.GNU-stack
                0x0000000000000000        0x0 kernel/hd.o
 .note.GNU-stack
                0x0000000000000000        0x0 kernel/klib.o
 .note.GNU-stack
                0x0000000000000000        0x0 lib/syslog.o
 .note.GNU-stack
                0x0000000000000000        0x0 mm/main.o
 .note.GNU-stack
                0x0000000000000000        0x0 mm/forkexit.o
 .note.GNU-stack
                0x0000000000000000        0x0 mm/exec.o
 .note.GNU-stack
                0x0000000000000000        0x0 fs/main.o
 .note.GNU-stack
                0x0000000000000000        0x0 fs/open.o
 .note.GNU-stack
                0x0000000000000000        0x0 fs/misc.o
 .note.GNU-stack
                0x0000000000000000        0x0 fs/read_write.o
 .note.GNU-stack
                0x0000000000000000        0x0 fs/link.o
 .note.GNU-stack
                0x0000000000000000        0x0 fs/disklog.o
 .note.GNU-stack
                0x0000000000000000        0x0 lib/orangescrt.a(printf.o)
 .note.GNU-stack
                0x0000000000000000        0x0 lib/orangescrt.a(vsprintf.o)
 .note.GNU-stack
                0x0000000000000000        0x0 lib/orangescrt.a(misc.o)
 .note.GNU-stack
                0x0000000000000000        0x0 lib/orangescrt.a(open.o)
 .note.GNU-stack
                0x0000000000000000        0x0 lib/orangescrt.a(read.o)
 .note.GNU-stack
                0x0000000000000000        0x0 lib/orangescrt.a(write.o)
 .note.GNU-stack
                0x0000000000000000        0x0 lib/orangescrt.a(close.o)
 .note.GNU-stack
                0x0000000000000000        0x0 lib/orangescrt.a(lseek.o)
 .note.GNU-stack
                0x0000000000000000        0x0 lib/orangescrt.a(getpid.o)
 .note.GNU-stack
                0x0000000000000000        0x0 lib/orangescrt.a(stat.o)
 .note.GNU-stack
                0x0000000000000000        0x0 lib/orangescrt.a(fork.o)
 .note.GNU-stack
                0x0000000000000000        0x0 lib/orangescrt.a(wait.o)
 .note.GNU-stack
                0x0000000000000000        0x0 lib/orangescrt.a(exec.o)

内存配置

名称           来源             长度             属性
*default*        0x0000000000000000 0xffffffffffffffff

Linker script and memory map

段 .text 的地址设置为 0x1000
LOAD kernel/kernel.o
LOAD kernel/start.o
LOAD kernel/main.o
LOAD kernel/clock.o
LOAD kernel/keyboard.o
LOAD kernel/tty.o
LOAD kernel/console.o
LOAD kernel/i8259.o
LOAD kernel/global.o
LOAD kernel/protect.o
LOAD kernel/proc.o
LOAD kernel/systask.o
LOAD kernel/hd.o
LOAD kernel/kliba.o
LOAD kernel/klib.o
LOAD lib/syslog.o
LOAD mm/main.o
LOAD mm/forkexit.o
LOAD mm/exec.o
LOAD fs/main.o
LOAD fs/open.o
LOAD fs/misc.o
LOAD fs/read_write.o
LOAD fs/link.o
LOAD fs/disklog.o
LOAD lib/orangescrt.a
                0x0000000008048000                PROVIDE (__executable_start, 0x8048000)
                0x0000000008048094                . = (0x8048000 + SIZEOF_HEADERS)

.interp
 *(.interp)

.note.gnu.build-id
 *(.note.gnu.build-id)

.hash
 *(.hash)

.gnu.hash
 *(.gnu.hash)

.dynsym
 *(.dynsym)

.dynstr
 *(.dynstr)

.gnu.version
 *(.gnu.version)

.gnu.version_d
 *(.gnu.version_d)

.gnu.version_r
 *(.gnu.version_r)

.rel.dyn        0x0000000008048094        0x0
 *(.rel.init)
 *(.rel.text .rel.text.* .rel.gnu.linkonce.t.*)
 .rel.text      0x0000000000000000        0x0 kernel/kernel.o
 *(.rel.fini)
 *(.rel.rodata .rel.rodata.* .rel.gnu.linkonce.r.*)
 *(.rel.data.rel.ro .rel.data.rel.ro.* .rel.gnu.linkonce.d.rel.ro.*)
 *(.rel.data .rel.data.* .rel.gnu.linkonce.d.*)
 .rel.data      0x0000000000000000        0x0 kernel/kernel.o
 *(.rel.tdata .rel.tdata.* .rel.gnu.linkonce.td.*)
 *(.rel.tbss .rel.tbss.* .rel.gnu.linkonce.tb.*)
 *(.rel.ctors)
 *(.rel.dtors)
 *(.rel.got)
 *(.rel.bss .rel.bss.* .rel.gnu.linkonce.b.*)
 *(.rel.ifunc)

.rel.plt        0x0000000008048094        0x0
 *(.rel.plt)
                0x0000000008048094                PROVIDE (__rel_iplt_start, .)
 *(.rel.iplt)
 .rel.iplt      0x0000000000000000        0x0 kernel/kernel.o
                0x0000000008048094                PROVIDE (__rel_iplt_end, .)

.init
 *(SORT(.init))

.plt            0x00000000080480a0        0x0
 *(.plt)
 *(.iplt)
 .iplt          0x0000000000000000        0x0 kernel/kernel.o

.text           0x0000000000001000     0xc958
 *(.text.unlikely .text.*_unlikely .text.unlikely.*)
 *(.text.exit .text.exit.*)
 *(.text.startup .text.startup.*)
 *(.text.hot .text.hot.*)
 *(.text .stub .text.* .gnu.linkonce.t.*)
 .text          0x0000000000001000      0x410 kernel/kernel.o
                0x0000000000001000                _start
                0x0000000000001040                hwint00
                0x0000000000001070                hwint01
                0x00000000000010a0                hwint02
                0x00000000000010d0                hwint03
                0x0000000000001100                hwint04
                0x0000000000001130                hwint05
                0x0000000000001160                hwint06
                0x0000000000001190                hwint07
                0x00000000000011c0                hwint08
                0x00000000000011f0                hwint09
                0x0000000000001220                hwint10
                0x0000000000001250                hwint11
                0x0000000000001280                hwint12
                0x00000000000012b0                hwint13
                0x00000000000012e0                hwint14
                0x0000000000001310                hwint15
                0x0000000000001334                divide_error
                0x000000000000133a                single_step_exception
                0x0000000000001340                nmi
                0x0000000000001346                breakpoint_exception
                0x000000000000134c                overflow
                0x0000000000001352                bounds_check
                0x0000000000001358                inval_opcode
                0x000000000000135e                copr_not_available
                0x0000000000001364                double_fault
                0x0000000000001368                copr_seg_overrun
                0x000000000000136e                inval_tss
                0x0000000000001372                segment_not_present
                0x0000000000001376                stack_exception
                0x000000000000137a                general_protection
                0x000000000000137e                page_fault
                0x0000000000001382                copr_error
                0x00000000000013cb                sys_call
                0x00000000000013eb                restart
 .text          0x0000000000001410       0x8e kernel/start.o
                0x0000000000001410                cstart
 .text          0x000000000000149e      0xa6e kernel/main.o
                0x000000000000149e                kernel_main
                0x00000000000017d3                get_ticks
                0x000000000000180b                untar
                0x0000000000001af8                shabby_shell
                0x0000000000001d38                Init
                0x0000000000001ead                TestA
                0x0000000000001eb2                TestB
                0x0000000000001eb7                TestC
                0x0000000000001ebc                panic
 .text          0x0000000000001f0c      0x115 kernel/clock.o
                0x0000000000001f0c                clock_handler
                0x0000000000001f84                milli_delay
                0x0000000000001fbd                init_clock
 .text          0x0000000000002021      0x6cf kernel/keyboard.o
                0x0000000000002021                keyboard_handler
                0x0000000000002087                init_keyboard
                0x0000000000002136                keyboard_read
 .text          0x00000000000026f0      0x9d3 kernel/tty.o
                0x00000000000026f0                task_tty
                0x00000000000028a4                in_process
                0x0000000000002dca                sys_printx
                0x0000000000002f6c                dump_tty_buf
 .text          0x00000000000030c3      0x7e1 kernel/console.o
                0x00000000000030c3                init_screen
                0x0000000000003234                out_char
                0x000000000000352a                is_current_console
                0x000000000000361f                select_console
                0x000000000000365a                scroll_screen
 .text          0x00000000000038a4      0x13c kernel/i8259.o
                0x00000000000038a4                init_8259A
                0x0000000000003995                spurious_irq
                0x00000000000039c0                put_irq_handler
 .text          0x00000000000039e0        0x0 kernel/global.o
 .text          0x00000000000039e0      0x842 kernel/protect.o
                0x00000000000039e0                init_prot
                0x000000000000403a                seg2linear
                0x0000000000004089                init_desc
                0x00000000000040f5                exception_handler
 .text          0x0000000000004222     0x17b8 kernel/proc.o
                0x0000000000004222                schedule
                0x00000000000042ad                sys_sendrec
                0x000000000000440c                ldt_seg_linear
                0x0000000000004456                va2la
                0x00000000000044c5                reset_msg
                0x000000000000539a                inform_int
                0x0000000000005530                dump_proc
                0x0000000000005893                dump_msg
 .text          0x00000000000059da      0x2cf kernel/systask.o
                0x00000000000059da                task_sys
 .text          0x0000000000005ca9      0xd88 kernel/hd.o
                0x0000000000005ca9                task_hd
                0x0000000000006a0c                hd_handler
 *fill*         0x0000000000006a31        0xf 
 .text          0x0000000000006a40      0x19a kernel/kliba.o
                0x0000000000006a40                disp_str
                0x0000000000006a7e                disp_color_str
                0x0000000000006abd                out_byte
                0x0000000000006ac9                in_byte
                0x0000000000006ad3                port_read
                0x0000000000006ae6                port_write
                0x0000000000006af9                disable_irq
                0x0000000000006b2e                enable_irq
                0x0000000000006b4d                disable_int
                0x0000000000006b4f                enable_int
                0x0000000000006b51                glitter
 .text          0x0000000000006bda      0x2d2 kernel/klib.o
                0x0000000000006bda                get_boot_params
                0x0000000000006c7a                get_kernel_map
                0x0000000000006d96                itoa
                0x0000000000006e41                disp_int
                0x0000000000006e66                delay
 .text          0x0000000000006eac       0x75 lib/syslog.o
                0x0000000000006eac                syslog
 .text          0x0000000000006f21      0x1d9 mm/main.o
                0x0000000000006f21                task_mm
                0x0000000000007067                alloc_mem
                0x00000000000070f0                free_mem
 .text          0x00000000000070fa      0x620 mm/forkexit.o
                0x00000000000070fa                do_fork
                0x0000000000007496                do_exit
                0x0000000000007661                do_wait
 .text          0x000000000000771a      0x392 mm/exec.o
                0x000000000000771a                do_exec
 .text          0x0000000000007aac     0x12b3 fs/main.o
                0x0000000000007aac                task_fs
                0x00000000000086fd                rw_sector
                0x0000000000008937                get_super_block
                0x000000000000897d                get_inode
                0x0000000000008aeb                put_inode
                0x0000000000008b30                sync_inode
 .text          0x0000000000008d5f      0xc49 fs/open.o
                0x0000000000008d5f                do_open
                0x00000000000092da                do_close
                0x0000000000009351                do_lseek
 .text          0x00000000000099a8      0x3f6 fs/misc.o
                0x00000000000099a8                do_stat
                0x0000000000009b99                search_file
                0x0000000000009d12                strip_path
 .text          0x0000000000009d9e      0x522 fs/read_write.o
                0x0000000000009d9e                do_rdwt
 .text          0x000000000000a2c0      0x8f6 fs/link.o
                0x000000000000a2c0                do_unlink
 .text          0x000000000000abb6     0x2142 fs/disklog.o
                0x000000000000abb6                disklog
                0x000000000000b1fc                dump_fd_graph
 .text          0x000000000000ccf8       0xc0 lib/orangescrt.a(printf.o)
                0x000000000000ccf8                printf
                0x000000000000cd77                printl
 .text          0x000000000000cdb8      0x318 lib/orangescrt.a(vsprintf.o)
                0x000000000000ce1b                vsprintf
                0x000000000000d0a6                sprintf
 .text          0x000000000000d0d0       0x78 lib/orangescrt.a(string.o)
                0x000000000000d0d0                memcpy
                0x000000000000d0f9                memset
                0x000000000000d11a                strcpy
                0x000000000000d132                strlen
 .text          0x000000000000d148      0x288 lib/orangescrt.a(misc.o)
                0x000000000000d148                send_recv
                0x000000000000d228                memcmp
                0x000000000000d29e                strcmp
                0x000000000000d310                strcat
                0x000000000000d36f                spin
                0x000000000000d38a                assertion_failure
 .text          0x000000000000d3d0       0x73 lib/orangescrt.a(open.o)
                0x000000000000d3d0                open
 .text          0x000000000000d443       0x3f lib/orangescrt.a(read.o)
                0x000000000000d443                read
 .text          0x000000000000d482       0x3f lib/orangescrt.a(write.o)
                0x000000000000d482                write
 .text          0x000000000000d4c1       0x33 lib/orangescrt.a(close.o)
                0x000000000000d4c1                close
 .text          0x000000000000d4f4       0x3f lib/orangescrt.a(lseek.o)
                0x000000000000d4f4                lseek
 .text          0x000000000000d533       0x59 lib/orangescrt.a(getpid.o)
                0x000000000000d533                getpid
 .text          0x000000000000d58c       0x73 lib/orangescrt.a(stat.o)
                0x000000000000d58c                stat
 .text          0x000000000000d5ff       0x84 lib/orangescrt.a(fork.o)
                0x000000000000d5ff                fork
 .text          0x000000000000d683       0x44 lib/orangescrt.a(wait.o)
                0x000000000000d683                wait
 .text          0x000000000000d6c7      0x263 lib/orangescrt.a(exec.o)
                0x000000000000d6c7                exec
                0x000000000000d742                execl
                0x000000000000d768                execv
 *fill*         0x000000000000d92a        0x6 
 .text          0x000000000000d930       0x28 lib/orangescrt.a(syscall.o)
                0x000000000000d930                sendrec
                0x000000000000d94a                printx
 *(.gnu.warning)

.fini
 *(SORT(.fini))
                0x000000000000d958                PROVIDE (__etext, .)
                0x000000000000d958                PROVIDE (_etext, .)
                0x000000000000d958                PROVIDE (etext, .)

.rodata         0x000000000000d960     0x257f
 *(.rodata .rodata.* .gnu.linkonce.r.*)
 .rodata        0x000000000000d960       0x47 kernel/start.o
 *fill*         0x000000000000d9a7        0x1 
 .rodata        0x000000000000d9a8      0x1ec kernel/main.o
 .rodata        0x000000000000db94       0x64 kernel/keyboard.o
 .rodata        0x000000000000dbf8      0x13c kernel/tty.o
 .rodata        0x000000000000dd34       0x5b kernel/console.o
 .rodata        0x000000000000dd8f       0x11 kernel/i8259.o
 .rodata        0x000000000000dda0       0x10 kernel/global.o
                0x000000000000dda0                FSBUF_SIZE
                0x000000000000dda4                MMBUF_SIZE
                0x000000000000dda8                LOGBUF_SIZE
                0x000000000000ddac                LOGDISKBUF_SIZE
 *fill*         0x000000000000ddb0       0x10 
 .rodata        0x000000000000ddc0      0x580 kernel/protect.o
 .rodata        0x000000000000e340      0x56e kernel/proc.o
 .rodata        0x000000000000e8ae       0x11 kernel/systask.o
 *fill*         0x000000000000e8bf        0x1 
 .rodata        0x000000000000e8c0      0x15c kernel/hd.o
 .rodata        0x000000000000ea1c       0x6a kernel/klib.o
 .rodata        0x000000000000ea86       0x1e lib/syslog.o
 .rodata        0x000000000000eaa4       0xb1 mm/main.o
 *fill*         0x000000000000eb55        0x3 
 .rodata        0x000000000000eb58       0xe7 mm/forkexit.o
 *fill*         0x000000000000ec3f        0x1 
 .rodata        0x000000000000ec40       0xa4 mm/exec.o
 .rodata        0x000000000000ece4      0x2ce fs/main.o
 *fill*         0x000000000000efb2        0x2 
 .rodata        0x000000000000efb4      0x1c8 fs/open.o
 .rodata        0x000000000000f17c       0x60 fs/misc.o
 .rodata        0x000000000000f1dc      0x164 fs/read_write.o
 .rodata        0x000000000000f340      0x1ad fs/link.o
 *fill*         0x000000000000f4ed        0x3 
 .rodata        0x000000000000f4f0      0x806 fs/disklog.o
 .rodata        0x000000000000fcf6       0x14 lib/orangescrt.a(printf.o)
 *fill*         0x000000000000fd0a        0x2 
 .rodata        0x000000000000fd0c       0xad lib/orangescrt.a(misc.o)
 .rodata        0x000000000000fdb9       0x23 lib/orangescrt.a(open.o)
 .rodata        0x000000000000fddc       0x25 lib/orangescrt.a(getpid.o)
 .rodata        0x000000000000fe01       0x23 lib/orangescrt.a(stat.o)
 .rodata        0x000000000000fe24       0x33 lib/orangescrt.a(fork.o)
 *fill*         0x000000000000fe57        0x1 
 .rodata        0x000000000000fe58       0x87 lib/orangescrt.a(exec.o)

.rodata1
 *(.rodata1)

.eh_frame_hdr
 *(.eh_frame_hdr)

.eh_frame       0x000000000000fee0     0x12b8
 *(.eh_frame)
 .eh_frame      0x000000000000fee0       0x38 kernel/start.o
 .eh_frame      0x000000000000ff18      0x108 kernel/main.o
                                        0x120 (size before relaxing)
 .eh_frame      0x0000000000010020       0x60 kernel/clock.o
                                         0x78 (size before relaxing)
 .eh_frame      0x0000000000010080       0xe0 kernel/keyboard.o
                                         0xf8 (size before relaxing)
 .eh_frame      0x0000000000010160      0x13c kernel/tty.o
                                        0x154 (size before relaxing)
 .eh_frame      0x000000000001029c      0x148 kernel/console.o
                                        0x160 (size before relaxing)
 .eh_frame      0x00000000000103e4       0x60 kernel/i8259.o
                                         0x78 (size before relaxing)
 .eh_frame      0x0000000000010444       0xb0 kernel/protect.o
                                         0xc8 (size before relaxing)
 .eh_frame      0x00000000000104f4      0x1c0 kernel/proc.o
                                        0x1d8 (size before relaxing)
 .eh_frame      0x00000000000106b4       0x5c kernel/systask.o
                                         0x74 (size before relaxing)
 .eh_frame      0x0000000000010710      0x1e8 kernel/hd.o
                                        0x200 (size before relaxing)
 .eh_frame      0x00000000000108f8       0xa0 kernel/klib.o
                                         0xb8 (size before relaxing)
 .eh_frame      0x0000000000010998       0x20 lib/syslog.o
                                         0x38 (size before relaxing)
 .eh_frame      0x00000000000109b8       0x7c mm/main.o
                                         0x94 (size before relaxing)
 .eh_frame      0x0000000000010a34       0x90 mm/forkexit.o
                                         0xa8 (size before relaxing)
 .eh_frame      0x0000000000010ac4       0x2c mm/exec.o
                                         0x44 (size before relaxing)
 .eh_frame      0x0000000000010af0      0x174 fs/main.o
                                        0x18c (size before relaxing)
 .eh_frame      0x0000000000010c64      0x128 fs/open.o
                                        0x140 (size before relaxing)
 .eh_frame      0x0000000000010d8c       0x70 fs/misc.o
                                         0x88 (size before relaxing)
 .eh_frame      0x0000000000010dfc       0x2c fs/read_write.o
                                         0x44 (size before relaxing)
 .eh_frame      0x0000000000010e28       0x2c fs/link.o
                                         0x44 (size before relaxing)
 .eh_frame      0x0000000000010e54       0x60 fs/disklog.o
                                         0x78 (size before relaxing)
 .eh_frame      0x0000000000010eb4       0x40 lib/orangescrt.a(printf.o)
                                         0x58 (size before relaxing)
 .eh_frame      0x0000000000010ef4       0x68 lib/orangescrt.a(vsprintf.o)
                                         0x80 (size before relaxing)
 .eh_frame      0x0000000000010f5c       0xbc lib/orangescrt.a(misc.o)
                                         0xd4 (size before relaxing)
 .eh_frame      0x0000000000011018       0x20 lib/orangescrt.a(open.o)
                                         0x38 (size before relaxing)
 .eh_frame      0x0000000000011038       0x20 lib/orangescrt.a(read.o)
                                         0x38 (size before relaxing)
 .eh_frame      0x0000000000011058       0x20 lib/orangescrt.a(write.o)
                                         0x38 (size before relaxing)
 .eh_frame      0x0000000000011078       0x20 lib/orangescrt.a(close.o)
                                         0x38 (size before relaxing)
 .eh_frame      0x0000000000011098       0x20 lib/orangescrt.a(lseek.o)
                                         0x38 (size before relaxing)
 .eh_frame      0x00000000000110b8       0x20 lib/orangescrt.a(getpid.o)
                                         0x38 (size before relaxing)
 .eh_frame      0x00000000000110d8       0x20 lib/orangescrt.a(stat.o)
                                         0x38 (size before relaxing)
 .eh_frame      0x00000000000110f8       0x20 lib/orangescrt.a(fork.o)
                                         0x38 (size before relaxing)
 .eh_frame      0x0000000000011118       0x20 lib/orangescrt.a(wait.o)
                                         0x38 (size before relaxing)
 .eh_frame      0x0000000000011138       0x60 lib/orangescrt.a(exec.o)
                                         0x78 (size before relaxing)

.gcc_except_table
 *(.gcc_except_table .gcc_except_table.*)

.exception_ranges
 *(.exception_ranges .exception_ranges*)
                0x0000000000011198                . = (ALIGN (0x1000) - ((0x1000 - .) & 0xfff))
                0x0000000000012198                . = DATA_SEGMENT_ALIGN (0x1000, 0x1000)

.eh_frame
 *(.eh_frame)

.gcc_except_table
 *(.gcc_except_table .gcc_except_table.*)

.exception_ranges
 *(.exception_ranges .exception_ranges*)

.tdata
 *(.tdata .tdata.* .gnu.linkonce.td.*)

.tbss
 *(.tbss .tbss.* .gnu.linkonce.tb.*)
 *(.tcommon)

.preinit_array  0x0000000000012198        0x0
                0x0000000000012198                PROVIDE (__preinit_array_start, .)
 *(.preinit_array)
                0x0000000000012198                PROVIDE (__preinit_array_end, .)

.init_array     0x0000000000012198        0x0
                0x0000000000012198                PROVIDE (__init_array_start, .)
 *(SORT(.init_array.*) SORT(.ctors.*))
 *(.init_array EXCLUDE_FILE(*crtend?.o *crtend.o *crtbegin?.o *crtbegin.o) .ctors)
                0x0000000000012198                PROVIDE (__init_array_end, .)

.fini_array     0x0000000000012198        0x0
                0x0000000000012198                PROVIDE (__fini_array_start, .)
 *(SORT(.fini_array.*) SORT(.dtors.*))
 *(.fini_array EXCLUDE_FILE(*crtend?.o *crtend.o *crtbegin?.o *crtbegin.o) .dtors)
                0x0000000000012198                PROVIDE (__fini_array_end, .)

.ctors
 *crtbegin.o(.ctors)
 *crtbegin?.o(.ctors)
 *(EXCLUDE_FILE(*crtend?.o *crtend.o) .ctors)
 *(SORT(.ctors.*))
 *(.ctors)

.dtors
 *crtbegin.o(.dtors)
 *crtbegin?.o(.dtors)
 *(EXCLUDE_FILE(*crtend?.o *crtend.o) .dtors)
 *(SORT(.dtors.*))
 *(.dtors)

.jcr
 *(.jcr)

.data.rel.ro
 *(.data.rel.ro.local* .gnu.linkonce.d.rel.ro.local.*)
 *(.data.rel.ro .data.rel.ro.* .gnu.linkonce.d.rel.ro.*)

.dynamic
 *(.dynamic)

.got
 *(.got)
 *(.igot)
                0x0000000000012198                . = DATA_SEGMENT_RELRO_END (., (SIZEOF (.got.plt) >= 0xc)?0xc:0x0)

.got.plt        0x0000000000012198        0x0
 *(.got.plt)
 *(.igot.plt)
 .igot.plt      0x0000000000000000        0x0 kernel/kernel.o

.data           0x00000000000121a0      0x814
 *(.data .data.* .gnu.linkonce.d.*)
 .data          0x00000000000121a0        0x2 kernel/kernel.o
 .data          0x00000000000121a2        0x0 kernel/start.o
 .data          0x00000000000121a2        0x0 kernel/main.o
 .data          0x00000000000121a2        0x0 kernel/clock.o
 *fill*         0x00000000000121a2       0x1e 
 .data          0x00000000000121c0      0x600 kernel/keyboard.o
                0x00000000000121c0                keymap
 .data          0x00000000000127c0       0x22 kernel/tty.o
 .data          0x00000000000127e2        0x0 kernel/console.o
 .data          0x00000000000127e2        0x0 kernel/i8259.o
 *fill*         0x00000000000127e2       0x1e 
 .data          0x0000000000012800      0x1b4 kernel/global.o
                0x0000000000012800                task_table
                0x00000000000128e0                user_proc_table
                0x0000000000012980                sys_call_table
                0x000000000001298c                dd_map
                0x00000000000129a4                fsbuf
                0x00000000000129a8                mmbuf
                0x00000000000129ac                logbuf
                0x00000000000129b0                logdiskbuf
 .data          0x00000000000129b4        0x0 kernel/protect.o
 .data          0x00000000000129b4        0x0 kernel/proc.o
 .data          0x00000000000129b4        0x0 kernel/systask.o
 .data          0x00000000000129b4        0x0 kernel/hd.o
 .data          0x00000000000129b4        0x0 kernel/klib.o
 .data          0x00000000000129b4        0x0 lib/syslog.o
 .data          0x00000000000129b4        0x0 mm/main.o
 .data          0x00000000000129b4        0x0 mm/forkexit.o
 .data          0x00000000000129b4        0x0 mm/exec.o
 .data          0x00000000000129b4        0x0 fs/main.o
 .data          0x00000000000129b4        0x0 fs/open.o
 .data          0x00000000000129b4        0x0 fs/misc.o
 .data          0x00000000000129b4        0x0 fs/read_write.o
 .data          0x00000000000129b4        0x0 fs/link.o
 .data          0x00000000000129b4        0x0 fs/disklog.o
 .data          0x00000000000129b4        0x0 lib/orangescrt.a(printf.o)
 .data          0x00000000000129b4        0x0 lib/orangescrt.a(vsprintf.o)
 .data          0x00000000000129b4        0x0 lib/orangescrt.a(misc.o)
 .data          0x00000000000129b4        0x0 lib/orangescrt.a(open.o)
 .data          0x00000000000129b4        0x0 lib/orangescrt.a(read.o)
 .data          0x00000000000129b4        0x0 lib/orangescrt.a(write.o)
 .data          0x00000000000129b4        0x0 lib/orangescrt.a(close.o)
 .data          0x00000000000129b4        0x0 lib/orangescrt.a(lseek.o)
 .data          0x00000000000129b4        0x0 lib/orangescrt.a(getpid.o)
 .data          0x00000000000129b4        0x0 lib/orangescrt.a(stat.o)
 .data          0x00000000000129b4        0x0 lib/orangescrt.a(fork.o)
 .data          0x00000000000129b4        0x0 lib/orangescrt.a(wait.o)
 .data          0x00000000000129b4        0x0 lib/orangescrt.a(exec.o)

.data1
 *(.data1)
                0x00000000000129b4                _edata = .
                0x00000000000129b4                PROVIDE (edata, .)
                0x00000000000129b4                . = .
                0x00000000000129b4                __bss_start = .

.bss            0x00000000000129c0    0x2bf88
 *(.dynbss)
 *(.bss .bss.* .gnu.linkonce.b.*)
 .bss           0x00000000000129c0     0x1000 kernel/kernel.o
 .bss           0x00000000000139c0        0x0 kernel/start.o
 .bss           0x00000000000139c0        0x0 kernel/main.o
 .bss           0x00000000000139c0        0x0 kernel/clock.o
 .bss           0x00000000000139c0       0x58 kernel/keyboard.o
 .bss           0x0000000000013a18        0x0 kernel/tty.o
 .bss           0x0000000000013a18        0x0 kernel/console.o
 .bss           0x0000000000013a18        0x0 kernel/i8259.o
 .bss           0x0000000000013a18        0x0 kernel/global.o
 .bss           0x0000000000013a18        0x0 kernel/protect.o
 .bss           0x0000000000013a18        0x0 kernel/proc.o
 .bss           0x0000000000013a18        0x0 kernel/systask.o
 *fill*         0x0000000000013a18        0x8 
 .bss           0x0000000000013a20      0x64c kernel/hd.o
 .bss           0x000000000001406c        0x0 kernel/klib.o
 .bss           0x000000000001406c        0x0 lib/syslog.o
 .bss           0x000000000001406c        0x0 mm/main.o
 .bss           0x000000000001406c        0x0 mm/forkexit.o
 .bss           0x000000000001406c        0x0 mm/exec.o
 .bss           0x000000000001406c        0x0 fs/main.o
 .bss           0x000000000001406c        0x0 fs/open.o
 .bss           0x000000000001406c        0x0 fs/misc.o
 .bss           0x000000000001406c        0x0 fs/read_write.o
 .bss           0x000000000001406c        0x0 fs/link.o
 *fill*         0x000000000001406c       0x14 
 .bss           0x0000000000014080      0x208 fs/disklog.o
 .bss           0x0000000000014288        0x0 lib/orangescrt.a(printf.o)
 .bss           0x0000000000014288        0x0 lib/orangescrt.a(vsprintf.o)
 .bss           0x0000000000014288        0x0 lib/orangescrt.a(misc.o)
 .bss           0x0000000000014288        0x0 lib/orangescrt.a(open.o)
 .bss           0x0000000000014288        0x0 lib/orangescrt.a(read.o)
 .bss           0x0000000000014288        0x0 lib/orangescrt.a(write.o)
 .bss           0x0000000000014288        0x0 lib/orangescrt.a(close.o)
 .bss           0x0000000000014288        0x0 lib/orangescrt.a(lseek.o)
 .bss           0x0000000000014288        0x0 lib/orangescrt.a(getpid.o)
 .bss           0x0000000000014288        0x0 lib/orangescrt.a(stat.o)
 .bss           0x0000000000014288        0x0 lib/orangescrt.a(fork.o)
 .bss           0x0000000000014288        0x0 lib/orangescrt.a(wait.o)
 .bss           0x0000000000014288        0x0 lib/orangescrt.a(exec.o)
 *(COMMON)
 *fill*         0x0000000000014288       0x18 
 COMMON         0x00000000000142a0    0x2a698 kernel/global.o
                0x00000000000142a0                idt_ptr
                0x00000000000142c0                inode_table
                0x0000000000014dc0                task_stack
                0x0000000000038dc0                k_reenter
                0x0000000000038de0                gdt
                0x00000000000391e0                current_console
                0x00000000000391e4                pcaller
                0x0000000000039200                tty_table
                0x0000000000039e80                tss
                0x0000000000039f00                fs_msg
                0x0000000000039f30                memory_size
                0x0000000000039f40                f_desc_table
                0x000000000003a340                root_inode
                0x000000000003a344                disp_pos
                0x000000000003a360                mm_msg
                0x000000000003a390                key_pressed
                0x000000000003a394                gdt_ptr
                0x000000000003a3a0                idt
                0x000000000003aba0                super_block
                0x000000000003ad80                ticks
                0x000000000003ada0                console_table
                0x000000000003ade0                irq_table
                0x000000000003ae20                p_proc_ready
                0x000000000003ae40                proc_table
 COMMON         0x000000000003e938       0x10 kernel/hd.o
                0x000000000003e938                PARTITION_ENTRY
                0x000000000003e948                . = ALIGN ((. != 0x0)?0x4:0x1)
                0x000000000003e948                . = ALIGN (0x4)
                0x000000000003e948                . = SEGMENT_START ("ldata-segment", .)
                0x000000000003e948                . = ALIGN (0x4)
                0x000000000003e948                _end = .
                0x000000000003e948                PROVIDE (end, .)
                0x000000000003e948                . = DATA_SEGMENT_END (.)

.stab
 *(.stab)

.stabstr
 *(.stabstr)

.stab.excl
 *(.stab.excl)

.stab.exclstr
 *(.stab.exclstr)

.stab.index
 *(.stab.index)

.stab.indexstr
 *(.stab.indexstr)

.comment        0x0000000000000000       0x29
 *(.comment)
 .comment       0x0000000000000000       0x29 kernel/start.o
                                         0x2a (size before relaxing)
 .comment       0x0000000000000000       0x2a kernel/main.o
 .comment       0x0000000000000000       0x2a kernel/clock.o
 .comment       0x0000000000000000       0x2a kernel/keyboard.o
 .comment       0x0000000000000000       0x2a kernel/tty.o
 .comment       0x0000000000000000       0x2a kernel/console.o
 .comment       0x0000000000000000       0x2a kernel/i8259.o
 .comment       0x0000000000000000       0x2a kernel/global.o
 .comment       0x0000000000000000       0x2a kernel/protect.o
 .comment       0x0000000000000000       0x2a kernel/proc.o
 .comment       0x0000000000000000       0x2a kernel/systask.o
 .comment       0x0000000000000000       0x2a kernel/hd.o
 .comment       0x0000000000000000       0x2a kernel/klib.o
 .comment       0x0000000000000000       0x2a lib/syslog.o
 .comment       0x0000000000000000       0x2a mm/main.o
 .comment       0x0000000000000000       0x2a mm/forkexit.o
 .comment       0x0000000000000000       0x2a mm/exec.o
 .comment       0x0000000000000000       0x2a fs/main.o
 .comment       0x0000000000000000       0x2a fs/open.o
 .comment       0x0000000000000000       0x2a fs/misc.o
 .comment       0x0000000000000000       0x2a fs/read_write.o
 .comment       0x0000000000000000       0x2a fs/link.o
 .comment       0x0000000000000000       0x2a fs/disklog.o
 .comment       0x0000000000000000       0x2a lib/orangescrt.a(printf.o)
 .comment       0x0000000000000000       0x2a lib/orangescrt.a(vsprintf.o)
 .comment       0x0000000000000000       0x2a lib/orangescrt.a(misc.o)
 .comment       0x0000000000000000       0x2a lib/orangescrt.a(open.o)
 .comment       0x0000000000000000       0x2a lib/orangescrt.a(read.o)
 .comment       0x0000000000000000       0x2a lib/orangescrt.a(write.o)
 .comment       0x0000000000000000       0x2a lib/orangescrt.a(close.o)
 .comment       0x0000000000000000       0x2a lib/orangescrt.a(lseek.o)
 .comment       0x0000000000000000       0x2a lib/orangescrt.a(getpid.o)
 .comment       0x0000000000000000       0x2a lib/orangescrt.a(stat.o)
 .comment       0x0000000000000000       0x2a lib/orangescrt.a(fork.o)
 .comment       0x0000000000000000       0x2a lib/orangescrt.a(wait.o)
 .comment       0x0000000000000000       0x2a lib/orangescrt.a(exec.o)

.debug
 *(.debug)

.line
 *(.line)

.debug_srcinfo
 *(.debug_srcinfo)

.debug_sfnames
 *(.debug_sfnames)

.debug_aranges
 *(.debug_aranges)

.debug_pubnames
 *(.debug_pubnames)

.debug_info
 *(.debug_info .gnu.linkonce.wi.*)

.debug_abbrev
 *(.debug_abbrev)

.debug_line
 *(.debug_line .debug_line.* .debug_line_end)

.debug_frame
 *(.debug_frame)

.debug_str
 *(.debug_str)

.debug_loc
 *(.debug_loc)

.debug_macinfo
 *(.debug_macinfo)

.debug_weaknames
 *(.debug_weaknames)

.debug_funcnames
 *(.debug_funcnames)

.debug_typenames
 *(.debug_typenames)

.debug_varnames
 *(.debug_varnames)

.debug_pubtypes
 *(.debug_pubtypes)

.debug_ranges
 *(.debug_ranges)

.debug_macro
 *(.debug_macro)

.gnu.attributes
 *(.gnu.attributes)

/DISCARD/
 *(.note.GNU-stack)
 *(.gnu_debuglink)
 *(.gnu.lto_*)
OUTPUT(kernel.bin elf32-i386)
